{
  "elements": [
    {
      "uid": "trx Lannion_CAS",
      "type": "Transceiver",
      "metadata": {
        "location": {
          "latitude": 0,
          "longitude": 0,
          "city": "Lannion_CAS",
          "region": "RLD"
        }
      }
    },
    {
      "uid": "trx Lorient_KMA",
      "type": "Transceiver",
      "metadata": {
        "location": {
          "latitude": 0,
          "longitude": 0,
          "city": "Lorient_KMA",
          "region": "RLD"
        }
      }
    },
    {
      "uid": "trx Vannes_KBE",
      "type": "Transceiver",
      "metadata": {
        "location": {
          "latitude": 0,
          "longitude": 0,
          "city": "Vannes_KBE",
          "region": "RLD"
        }
      }
    },
    {
      "uid": "trx Rennes_STA",
      "type": "Transceiver",
      "metadata": {
        "location": {
          "latitude": 0,
          "longitude": 0,
          "city": "Rennes_STA",
          "region": "RLD"
        }
      }
    },
    {
      "uid": "trx Brest_KLA",
      "type": "Transceiver",
      "metadata": {
        "location": {
          "latitude": 0,
          "longitude": 0,
          "city": "Brest_KLA",
          "region": "RLD"
        }
      }
    },
    {
      "uid": "roadm Lannion_CAS",
      "type": "Roadm",
      "params": {
        "loss": 20
      },
      "metadata": {
        "location": {
          "latitude": 0,
          "longitude": 0,
          "city": "Lannion_CAS",
          "region": "RLD"
        }
      }
    },
    {
      "uid": "roadm Lorient_KMA",
      "type": "Roadm",
      "params": {
        "loss": 20
      },
      "metadata": {
        "location": {
          "latitude": 0,
          "longitude": 0,
          "city": "Lorient_KMA",
          "region": "RLD"
        }
      }
    },
    {
      "uid": "roadm Vannes_KBE",
      "type": "Roadm",
      "params": {
        "loss": 20
      },
      "metadata": {
        "location": {
          "latitude": 0,
          "longitude": 0,
          "city": "Vannes_KBE",
          "region": "RLD"
        }
      }
    },
    {
      "uid": "roadm Rennes_STA",
      "type": "Roadm",
      "params": {
        "loss": 20
      },
      "metadata": {
        "location": {
          "latitude": 0,
          "longitude": 0,
          "city": "Rennes_STA",
          "region": "RLD"
        }
      }
    },
    {
      "uid": "roadm Brest_KLA",
      "type": "Roadm",
      "params": {
        "loss": 20
      },
      "metadata": {
        "location": {
          "latitude": 0,
          "longitude": 0,
          "city": "Brest_KLA",
          "region": "RLD"
        }
      }
    },
    {
      "uid": "ingress fused spans in Corlay",
      "type": "Fused",
      "metadata": {
        "location": {
          "latitude": 0,
          "longitude": 0,
          "city": "Corlay",
          "region": "RLD"
        }
      }
    },
    {
      "uid": "ingress fused spans in Loudeac",
      "type": "Fused",
      "metadata": {
        "location": {
          "latitude": 0,
          "longitude": 0,
          "city": "Loudeac",
          "region": "RLD"
        }
      }
    },
    {
      "uid": "egress fused spans in Corlay",
      "type": "Fused",
      "metadata": {
        "location": {
          "latitude": 0,
          "longitude": 0,
          "city": "Corlay",
          "region": "RLD"
        }
      }
    },
    {
      "uid": "egress fused spans in Loudeac",
      "type": "Fused",
      "metadata": {
        "location": {
          "latitude": 0,
          "longitude": 0,
          "city": "Loudeac",
          "region": "RLD"
        }
      }
    },
    {
      "uid": "fiber (Lannion_CAS → Corlay)-",
      "type": "Fiber",
      "type_variety": "SSMF",
      "params": {
        "type_variety": "SSMF",
        "length": 20.0,
        "loss_coef": 0.2,
        "length_units": "km",
        "att_in": 0,
        "con_in": 0,
        "con_out": 0
      },
      "metadata": {
        "location": {
          "latitude": 0.0,
          "longitude": 0.0,
          "city": null,
          "region": null
        }
      }
    },
    {
      "uid": "fiber (Corlay → Loudeac)-",
      "type": "Fiber",
      "type_variety": "SSMF",
      "params": {
        "type_variety": "SSMF",
        "length": 50.0,
        "loss_coef": 0.2,
        "length_units": "km",
        "att_in": 0,
        "con_in": 0,
        "con_out": 0
      },
      "metadata": {
        "location": {
          "latitude": 0.0,
          "longitude": 0.0,
          "city": null,
          "region": null
        }
      }
    },
    {
      "uid": "fiber (Loudeac → Lorient_KMA)-",
      "type": "Fiber",
      "type_variety": "SSMF",
      "params": {
        "type_variety": "SSMF",
        "length": 60.0,
        "loss_coef": 0.2,
        "length_units": "km",
        "att_in": 0,
        "con_in": 0,
        "con_out": 0
      },
      "metadata": {
        "location": {
          "latitude": 0.0,
          "longitude": 0.0,
          "city": null,
          "region": null
        }
      }
    },
    {
      "uid": "fiber (Lorient_KMA → Vannes_KBE)-F01",
      "type": "Fiber",
      "type_variety": "SSMF",
      "params": {
        "type_variety": "SSMF",
        "length": 10.0,
        "loss_coef": 0.2,
        "length_units": "km",
        "att_in": 8.0,
        "con_in": 0,
        "con_out": 0
      },
      "metadata": {
        "location": {
          "latitude": 0.0,
          "longitude": 0.0,
          "city": null,
          "region": null
        }
      }
    },
    {
      "uid": "fiber (Lannion_CAS → Stbrieuc)-",
      "type": "Fiber",
      "type_variety": "SSMF",
      "params": {
        "type_variety": "SSMF",
        "length": 60.0,
        "loss_coef": 0.2,
        "length_units": "km",
        "att_in": 0,
        "con_in": 0,
        "con_out": 0
      },
      "metadata": {
        "location": {
          "latitude": 0.0,
          "longitude": 0.0,
          "city": null,
          "region": null
        }
      }
    },
    {
      "uid": "fiber (Stbrieuc → Rennes_STA)-",
      "type": "Fiber",
      "type_variety": "SSMF",
      "params": {
        "type_variety": "SSMF",
        "length": 65.0,
        "loss_coef": 0.2,
        "length_units": "km",
        "att_in": 0,
        "con_in": 0,
        "con_out": 0
      },
      "metadata": {
        "location": {
          "latitude": 0.0,
          "longitude": 0.0,
          "city": null,
          "region": null
        }
      }
    },
    {
      "uid": "fiber (Lannion_CAS → Morlaix)-",
      "type": "Fiber",
      "type_variety": "SSMF",
      "params": {
        "type_variety": "SSMF",
        "length": 40.0,
        "loss_coef": 0.2,
        "length_units": "km",
        "att_in": 2.0,
        "con_in": 0,
        "con_out": 0
      },
      "metadata": {
        "location": {
          "latitude": 0.0,
          "longitude": 0.0,
          "city": null,
          "region": null
        }
      }
    },
    {
      "uid": "fiber (Morlaix → Brest_KLA)-",
      "type": "Fiber",
      "type_variety": "SSMF",
      "params": {
        "type_variety": "SSMF",
        "length": 35.0,
        "loss_coef": 0.2,
        "length_units": "km",
        "att_in": 3.0,
        "con_in": 0,
        "con_out": 0
      },
      "metadata": {
        "location": {
          "latitude": 0.0,
          "longitude": 0.0,
          "city": null,
          "region": null
        }
      }
    },
    {
      "uid": "fiber (Corlay → Lannion_CAS)-",
      "type": "Fiber",
      "type_variety": "SSMF",
      "params": {
        "type_variety": "SSMF",
        "length": 20.0,
        "loss_coef": 0.2,
        "length_units": "km",
        "att_in": 0,
        "con_in": 0,
        "con_out": 0
      },
      "metadata": {
        "location": {
          "latitude": 0.0,
          "longitude": 0.0,
          "city": null,
          "region": null
        }
      }
    },
    {
      "uid": "fiber (Loudeac → Corlay)-",
      "type": "Fiber",
      "type_variety": "SSMF",
      "params": {
        "type_variety": "SSMF",
        "length": 50.0,
        "loss_coef": 0.2,
        "length_units": "km",
        "att_in": 0,
        "con_in": 0,
        "con_out": 0
      },
      "metadata": {
        "location": {
          "latitude": 0.0,
          "longitude": 0.0,
          "city": null,
          "region": null
        }
      }
    },
    {
      "uid": "fiber (Lorient_KMA → Loudeac)-",
      "type": "Fiber",
      "type_variety": "SSMF",
      "params": {
        "type_variety": "SSMF",
        "length": 60.0,
        "loss_coef": 0.2,
        "length_units": "km",
        "att_in": 0,
        "con_in": 0,
        "con_out": 0
      },
      "metadata": {
        "location": {
          "latitude": 0.0,
          "longitude": 0.0,
          "city": null,
          "region": null
        }
      }
    },
    {
      "uid": "fiber (Vannes_KBE → Lorient_KMA)-F01",
      "type": "Fiber",
      "type_variety": "SSMF",
      "params": {
        "type_variety": "SSMF",
        "length": 10.0,
        "loss_coef": 0.2,
        "length_units": "km",
        "att_in": 8.0,
        "con_in": 0,
        "con_out": 0
      },
      "metadata": {
        "location": {
          "latitude": 0.0,
          "longitude": 0.0,
          "city": null,
          "region": null
        }
      }
    },
    {
      "uid": "fiber (Stbrieuc → Lannion_CAS)-",
      "type": "Fiber",
      "type_variety": "SSMF",
      "params": {
        "type_variety": "SSMF",
        "length": 60.0,
        "loss_coef": 0.2,
        "length_units": "km",
        "att_in": 0,
        "con_in": 0,
        "con_out": 0
      },
      "metadata": {
        "location": {
          "latitude": 0.0,
          "longitude": 0.0,
          "city": null,
          "region": null
        }
      }
    },
    {
      "uid": "fiber (Rennes_STA → Stbrieuc)-",
      "type": "Fiber",
      "type_variety": "SSMF",
      "params": {
        "type_variety": "SSMF",
        "length": 65.0,
        "loss_coef": 0.2,
        "length_units": "km",
        "att_in": 0,
        "con_in": 0,
        "con_out": 0
      },
      "metadata": {
        "location": {
          "latitude": 0.0,
          "longitude": 0.0,
          "city": null,
          "region": null
        }
      }
    },
    {
      "uid": "fiber (Morlaix → Lannion_CAS)-",
      "type": "Fiber",
      "type_variety": "SSMF",
      "params": {
        "type_variety": "SSMF",
        "length": 40.0,
        "loss_coef": 0.2,
        "length_units": "km",
        "att_in": 2.0,
        "con_in": 0,
        "con_out": 0
      },
      "metadata": {
        "location": {
          "latitude": 0.0,
          "longitude": 0.0,
          "city": null,
          "region": null
        }
      }
    },
    {
      "uid": "fiber (Brest_KLA → Morlaix)-",
      "type": "Fiber",
      "type_variety": "SSMF",
      "params": {
        "type_variety": "SSMF",
        "length": 35.0,
        "loss_coef": 0.2,
        "length_units": "km",
        "att_in": 3.0,
        "con_in": 0,
        "con_out": 0
      },
      "metadata": {
        "location": {
          "latitude": 0.0,
          "longitude": 0.0,
          "city": null,
          "region": null
        }
      }
    },
    {
      "uid": "egress edfa in Lannion_CAS to Morlaix",
      "type": "Edfa",
      "type_variety": "test",
      "operational": {
        "gain_target": 20,
        "tilt_target": 0,
        "out_voa": 0
      },
      "metadata": {
        "location": {
          "latitude": 0,
          "longitude": 0,
          "city": "Lannion_CAS",
          "region": "RLD"
        }
      }
    },
    {
      "uid": "egress edfa in Lannion_CAS to Corlay",
      "type": "Edfa",
      "type_variety": "test",
      "operational": {
        "gain_target": 20,
        "tilt_target": 0,
        "out_voa": 0
      },
      "metadata": {
        "location": {
          "latitude": 0,
          "longitude": 0,
          "city": "Lannion_CAS",
          "region": "RLD"
        }
      }
    },
    {
      "uid": "egress edfa in Lannion_CAS to Stbrieuc",
      "type": "Edfa",
      "type_variety": "test",
      "operational": {
        "gain_target": 20,
        "tilt_target": 0,
        "out_voa": 0
      },
      "metadata": {
        "location": {
          "latitude": 0,
          "longitude": 0,
          "city": "Lannion_CAS",
          "region": "RLD"
        }
      }
    },
    {
      "uid": "egress edfa in Corlay to Loudeac",
      "type": "Edfa",
      "type_variety": "test",
      "operational": {
        "gain_target": 0,
        "tilt_target": 0,
        "out_voa": null
      },
      "metadata": {
        "location": {
          "latitude": 0,
          "longitude": 0,
          "city": "Corlay",
          "region": "RLD"
        }
      }
    },
    {
      "uid": "Edfa0_roadm Lorient_KMA",
      "type": "Edfa",
      "type_variety": "test_fixed_gain",
      "operational": {
        "gain_target": 20,
        "tilt_target": 0,
        "out_voa": 0
      },
      "metadata": {
        "location": {
          "latitude": 0,
          "longitude": 0,
          "city": null,
          "region": null
        }
      }
    },
    {
      "uid": "Edfa1_roadm Lorient_KMA",
      "type": "Edfa",
      "type_variety": "test_fixed_gain",
      "operational": {
        "gain_target": 20,
        "tilt_target": 0,
        "out_voa": 0
      },
      "metadata": {
        "location": {
          "latitude": 0,
          "longitude": 0,
          "city": null,
          "region": null
        }
      }
    },
    {
      "uid": "Edfa0_roadm Vannes_KBE",
      "type": "Edfa",
      "type_variety": "test_fixed_gain",
      "operational": {
        "gain_target": 20,
        "tilt_target": 0,
        "out_voa": 0
      },
      "metadata": {
        "location": {
          "latitude": 0,
          "longitude": 0,
          "city": null,
          "region": null
        }
      }
    },
    {
      "uid": "Edfa0_roadm Rennes_STA",
      "type": "Edfa",
      "type_variety": "test_fixed_gain",
      "operational": {
        "gain_target": 20,
        "tilt_target": 0,
        "out_voa": 0
      },
      "metadata": {
        "location": {
          "latitude": 0,
          "longitude": 0,
          "city": null,
          "region": null
        }
      }
    },
    {
      "uid": "Edfa0_roadm Brest_KLA",
      "type": "Edfa",
      "type_variety": "test_fixed_gain",
      "operational": {
        "gain_target": 20,
        "tilt_target": 0,
        "out_voa": 0
      },
      "metadata": {
        "location": {
          "latitude": 0,
          "longitude": 0,
          "city": null,
          "region": null
        }
      }
    },
    {
      "uid": "Edfa0_fiber (Loudeac → Lorient_KMA)-",
      "type": "Edfa",
      "type_variety": "std_medium_gain",
      "operational": {
        "gain_target": 28.0,
        "tilt_target": 0,
        "out_voa": 0
      },
      "metadata": {
        "location": {
          "latitude": 0,
          "longitude": 0,
          "city": null,
          "region": null
        }
      }
    },
    {
      "uid": "Edfa0_fiber (Lorient_KMA → Vannes_KBE)-F01",
      "type": "Edfa",
      "type_variety": "std_low_gain",
      "operational": {
        "gain_target": 10.0,
        "tilt_target": 0,
        "out_voa": 0
      },
      "metadata": {
        "location": {
          "latitude": 0,
          "longitude": 0,
          "city": null,
          "region": null
        }
      }
    },
    {
      "uid": "Edfa0_fiber (Lannion_CAS → Stbrieuc)-",
      "type": "Edfa",
      "type_variety": "std_low_gain",
      "operational": {
        "gain_target": 12.0,
        "tilt_target": 0,
        "out_voa": 0
      },
      "metadata": {
        "location": {
          "latitude": 0,
          "longitude": 0,
          "city": null,
          "region": null
        }
      }
    },
    {
      "uid": "Edfa0_fiber (Stbrieuc → Rennes_STA)-",
      "type": "Edfa",
      "type_variety": "std_low_gain",
      "operational": {
        "gain_target": 13.0,
        "tilt_target": 0,
        "out_voa": 0
      },
      "metadata": {
        "location": {
          "latitude": 0,
          "longitude": 0,
          "city": null,
          "region": null
        }
      }
    },
    {
      "uid": "Edfa0_fiber (Lannion_CAS → Morlaix)-",
      "type": "Edfa",
      "type_variety": "std_low_gain",
      "operational": {
        "gain_target": 10.0,
        "tilt_target": 0,
        "out_voa": 0
      },
      "metadata": {
        "location": {
          "latitude": 0,
          "longitude": 0,
          "city": null,
          "region": null
        }
      }
    },
    {
      "uid": "Edfa0_fiber (Morlaix → Brest_KLA)-",
      "type": "Edfa",
      "type_variety": "std_low_gain",
      "operational": {
        "gain_target": 10.0,
        "tilt_target": 0,
        "out_voa": 0
      },
      "metadata": {
        "location": {
          "latitude": 0,
          "longitude": 0,
          "city": null,
          "region": null
        }
      }
    },
    {
      "uid": "Edfa0_fiber (Corlay → Lannion_CAS)-",
      "type": "Edfa",
      "type_variety": "std_medium_gain",
      "operational": {
        "gain_target": 28.0,
        "tilt_target": 0,
        "out_voa": 0
      },
      "metadata": {
        "location": {
          "latitude": 0,
          "longitude": 0,
          "city": null,
          "region": null
        }
      }
    },
    {
      "uid": "Edfa0_fiber (Vannes_KBE → Lorient_KMA)-F01",
      "type": "Edfa",
      "type_variety": "std_low_gain",
      "operational": {
        "gain_target": 10.0,
        "tilt_target": 0,
        "out_voa": 0
      },
      "metadata": {
        "location": {
          "latitude": 0,
          "longitude": 0,
          "city": null,
          "region": null
        }
      }
    },
    {
      "uid": "Edfa0_fiber (Stbrieuc → Lannion_CAS)-",
      "type": "Edfa",
      "type_variety": "std_low_gain",
      "operational": {
        "gain_target": 12.0,
        "tilt_target": 0,
        "out_voa": 0
      },
      "metadata": {
        "location": {
          "latitude": 0,
          "longitude": 0,
          "city": null,
          "region": null
        }
      }
    },
    {
      "uid": "Edfa0_fiber (Rennes_STA → Stbrieuc)-",
      "type": "Edfa",
      "type_variety": "std_low_gain",
      "operational": {
        "gain_target": 13.0,
        "tilt_target": 0,
        "out_voa": 0
      },
      "metadata": {
        "location": {
          "latitude": 0,
          "longitude": 0,
          "city": null,
          "region": null
        }
      }
    },
    {
      "uid": "Edfa0_fiber (Morlaix → Lannion_CAS)-",
      "type": "Edfa",
      "type_variety": "std_low_gain",
      "operational": {
        "gain_target": 10.0,
        "tilt_target": 0,
        "out_voa": 0
      },
      "metadata": {
        "location": {
          "latitude": 0,
          "longitude": 0,
          "city": null,
          "region": null
        }
      }
    },
    {
      "uid": "Edfa0_fiber (Brest_KLA → Morlaix)-",
      "type": "Edfa",
      "type_variety": "std_low_gain",
      "operational": {
        "gain_target": 10.0,
        "tilt_target": 0,
        "out_voa": 0
      },
      "metadata": {
        "location": {
          "latitude": 0,
          "longitude": 0,
          "city": null,
          "region": null
        }
      }
    }
  ],
  "connections": [
    {
      "from_node": "trx Lannion_CAS",
      "to_node": "roadm Lannion_CAS"
    },
    {
      "from_node": "trx Lorient_KMA",
      "to_node": "roadm Lorient_KMA"
    },
    {
      "from_node": "trx Vannes_KBE",
      "to_node": "roadm Vannes_KBE"
    },
    {
      "from_node": "trx Rennes_STA",
      "to_node": "roadm Rennes_STA"
    },
    {
      "from_node": "trx Brest_KLA",
      "to_node": "roadm Brest_KLA"
    },
    {
      "from_node": "roadm Lannion_CAS",
      "to_node": "egress edfa in Lannion_CAS to Corlay"
    },
    {
      "from_node": "roadm Lannion_CAS",
      "to_node": "egress edfa in Lannion_CAS to Stbrieuc"
    },
    {
      "from_node": "roadm Lannion_CAS",
      "to_node": "egress edfa in Lannion_CAS to Morlaix"
    },
    {
      "from_node": "roadm Lannion_CAS",
      "to_node": "trx Lannion_CAS"
    },
    {
      "from_node": "roadm Lorient_KMA",
      "to_node": "trx Lorient_KMA"
    },
    {
      "from_node": "roadm Lorient_KMA",
      "to_node": "Edfa0_roadm Lorient_KMA"
    },
    {
      "from_node": "roadm Lorient_KMA",
      "to_node": "Edfa1_roadm Lorient_KMA"
    },
    {
      "from_node": "roadm Vannes_KBE",
      "to_node": "trx Vannes_KBE"
    },
    {
      "from_node": "roadm Vannes_KBE",
      "to_node": "Edfa0_roadm Vannes_KBE"
    },
    {
      "from_node": "roadm Rennes_STA",
      "to_node": "trx Rennes_STA"
    },
    {
      "from_node": "roadm Rennes_STA",
      "to_node": "Edfa0_roadm Rennes_STA"
    },
    {
      "from_node": "roadm Brest_KLA",
      "to_node": "trx Brest_KLA"
    },
    {
      "from_node": "roadm Brest_KLA",
      "to_node": "Edfa0_roadm Brest_KLA"
    },
    {
      "from_node": "ingress fused spans in Corlay",
      "to_node": "fiber (Corlay → Loudeac)-"
    },
    {
      "from_node": "ingress fused spans in Loudeac",
      "to_node": "fiber (Loudeac → Lorient_KMA)-"
    },
    {
      "from_node": "egress fused spans in Corlay",
      "to_node": "fiber (Corlay → Lannion_CAS)-"
    },
    {
      "from_node": "egress fused spans in Loudeac",
      "to_node": "fiber (Loudeac → Corlay)-"
    },
    {
      "from_node": "fiber (Lannion_CAS → Corlay)-",
      "to_node": "ingress fused spans in Corlay"
    },
    {
      "from_node": "fiber (Corlay → Loudeac)-",
      "to_node": "ingress fused spans in Loudeac"
    },
    {
      "from_node": "fiber (Loudeac → Lorient_KMA)-",
      "to_node": "Edfa0_fiber (Loudeac → Lorient_KMA)-"
    },
    {
      "from_node": "fiber (Lorient_KMA → Vannes_KBE)-F01",
      "to_node": "Edfa0_fiber (Lorient_KMA → Vannes_KBE)-F01"
    },
    {
      "from_node": "fiber (Lannion_CAS → Stbrieuc)-",
      "to_node": "Edfa0_fiber (Lannion_CAS → Stbrieuc)-"
    },
    {
      "from_node": "fiber (Stbrieuc → Rennes_STA)-",
      "to_node": "Edfa0_fiber (Stbrieuc → Rennes_STA)-"
    },
    {
      "from_node": "fiber (Lannion_CAS → Morlaix)-",
      "to_node": "Edfa0_fiber (Lannion_CAS → Morlaix)-"
    },
    {
      "from_node": "fiber (Morlaix → Brest_KLA)-",
      "to_node": "Edfa0_fiber (Morlaix → Brest_KLA)-"
    },
    {
      "from_node": "fiber (Corlay → Lannion_CAS)-",
      "to_node": "Edfa0_fiber (Corlay → Lannion_CAS)-"
    },
    {
      "from_node": "fiber (Loudeac → Corlay)-",
      "to_node": "egress fused spans in Corlay"
    },
    {
      "from_node": "fiber (Lorient_KMA → Loudeac)-",
      "to_node": "egress fused spans in Loudeac"
    },
    {
      "from_node": "fiber (Vannes_KBE → Lorient_KMA)-F01",
      "to_node": "Edfa0_fiber (Vannes_KBE → Lorient_KMA)-F01"
    },
    {
      "from_node": "fiber (Stbrieuc → Lannion_CAS)-",
      "to_node": "Edfa0_fiber (Stbrieuc → Lannion_CAS)-"
    },
    {
      "from_node": "fiber (Rennes_STA → Stbrieuc)-",
      "to_node": "Edfa0_fiber (Rennes_STA → Stbrieuc)-"
    },
    {
      "from_node": "fiber (Morlaix → Lannion_CAS)-",
      "to_node": "Edfa0_fiber (Morlaix → Lannion_CAS)-"
    },
    {
      "from_node": "fiber (Brest_KLA → Morlaix)-",
      "to_node": "Edfa0_fiber (Brest_KLA → Morlaix)-"
    },
    {
      "from_node": "egress edfa in Lannion_CAS to Morlaix",
      "to_node": "fiber (Lannion_CAS → Morlaix)-"
    },
    {
      "from_node": "egress edfa in Lannion_CAS to Corlay",
      "to_node": "fiber (Lannion_CAS → Corlay)-"
    },
    {
      "from_node": "egress edfa in Lannion_CAS to Stbrieuc",
      "to_node": "fiber (Lannion_CAS → Stbrieuc)-"
    },
    {
      "from_node": "Edfa0_roadm Lorient_KMA",
      "to_node": "fiber (Lorient_KMA → Loudeac)-"
    },
    {
      "from_node": "Edfa1_roadm Lorient_KMA",
      "to_node": "fiber (Lorient_KMA → Vannes_KBE)-F01"
    },
    {
      "from_node": "Edfa0_roadm Vannes_KBE",
      "to_node": "fiber (Vannes_KBE → Lorient_KMA)-F01"
    },
    {
      "from_node": "Edfa0_roadm Rennes_STA",
      "to_node": "fiber (Rennes_STA → Stbrieuc)-"
    },
    {
      "from_node": "Edfa0_roadm Brest_KLA",
      "to_node": "fiber (Brest_KLA → Morlaix)-"
    },
    {
      "from_node": "Edfa0_fiber (Loudeac → Lorient_KMA)-",
      "to_node": "roadm Lorient_KMA"
    },
    {
      "from_node": "Edfa0_fiber (Lorient_KMA → Vannes_KBE)-F01",
      "to_node": "roadm Vannes_KBE"
    },
    {
      "from_node": "Edfa0_fiber (Lannion_CAS → Stbrieuc)-",
      "to_node": "fiber (Stbrieuc → Rennes_STA)-"
    },
    {
      "from_node": "Edfa0_fiber (Stbrieuc → Rennes_STA)-",
      "to_node": "roadm Rennes_STA"
    },
    {
      "from_node": "Edfa0_fiber (Lannion_CAS → Morlaix)-",
      "to_node": "fiber (Morlaix → Brest_KLA)-"
    },
    {
      "from_node": "Edfa0_fiber (Morlaix → Brest_KLA)-",
      "to_node": "roadm Brest_KLA"
    },
    {
      "from_node": "Edfa0_fiber (Corlay → Lannion_CAS)-",
      "to_node": "roadm Lannion_CAS"
    },
    {
      "from_node": "Edfa0_fiber (Vannes_KBE → Lorient_KMA)-F01",
      "to_node": "roadm Lorient_KMA"
    },
    {
      "from_node": "Edfa0_fiber (Stbrieuc → Lannion_CAS)-",
      "to_node": "roadm Lannion_CAS"
    },
    {
      "from_node": "Edfa0_fiber (Rennes_STA → Stbrieuc)-",
      "to_node": "fiber (Stbrieuc → Lannion_CAS)-"
    },
    {
      "from_node": "Edfa0_fiber (Morlaix → Lannion_CAS)-",
      "to_node": "roadm Lannion_CAS"
    },
    {
      "from_node": "Edfa0_fiber (Brest_KLA → Morlaix)-",
      "to_node": "fiber (Morlaix → Lannion_CAS)-"
    }
  ]
}