{
  "path-request": [
    {
      "request-id": "0",
      "source": "BREST_KLA",
      "destination": "Vannes_KBE",
      "src-tp-id": "trx BREST_KLA",
      "dst-tp-id": "trx Vannes_KBE",
      "path-constraints": {
        "te-bandwidth": {
          "technology": "flexi-grid",
          "trx_type": "Voyager_16QAM",
          "trx_mode": "16QAM",
          "effective-freq-slot": [
            {
              "n": "null",
              "m": "null"
            }
          ],
          "spacing": 50000000000.0,
          "max-nb-of-channel": 80,
          "output-power": 0.001,
          "path_bandwidth": 0
        }
      },
      "optimizations": {
        "explicit-route-include-objects": []
      }
    },
    {
      "request-id": "1",
      "source": "Lorient_KMA",
      "destination": "Vannes_KBE",
      "src-tp-id": "trx Lorient_KMA",
      "dst-tp-id": "trx Vannes_KBE",
      "path-constraints": {
        "te-bandwidth": {
          "technology": "flexi-grid",
          "trx_type": "Voyager_16QAM",
          "trx_mode": "16QAM",
          "effective-freq-slot": [
            {
              "n": "null",
              "m": "null"
            }
          ],
          "spacing": 50000000000.0,
          "max-nb-of-channel": 80,
          "output-power": 0.001,
          "path_bandwidth": 0
        }
      },
      "optimizations": {
        "explicit-route-include-objects": []
      }
    }
  ],
  "synchronization": [
    {
      "synchronization-id": "0",
      "svec": {
        "relaxable": "False",
        "link-diverse": "True",
        "node-diverse": "True",
        "request-id-number": [
          "0",
          "1"
        ]
      }
    },
    {
      "synchronization-id": "1",
      "svec": {
        "relaxable": "False",
        "link-diverse": "True",
        "node-diverse": "True",
        "request-id-number": [
          "1",
          "0"
        ]
      }
    }
  ]
}
