{
  "path-request": [
    {
      "request-id": "0",
      "source": "Lorient_KMA",
      "destination": "Vannes_KBE",
      "src-tp-id": "trx Lorient_KMA",
      "dst-tp-id": "trx Vannes_KBE",
      "path-constraints": {
        "te-bandwidth": {
          "technology": "flexi-grid",
          "trx_type": "Voyager_16QAM",
          "trx_mode": "16QAM",
          "effective-freq-slot": [
            {
              "n": "null",
              "m": "null"
            }
          ],
          "spacing": 50000000000.0,
          "max-nb-of-channel": 80,
          "output-power": 0.0012589254117941673,
          "path_bandwidth": 0
        }
      },
      "optimizations": {
        "explicit-route-include-objects": []
      }
    },
    {
      "request-id": "1",
      "source": "Brest_KLA",
      "destination": "Vannes_KBE",
      "src-tp-id": "trx Brest_KLA",
      "dst-tp-id": "trx Vannes_KBE",
      "path-constraints": {
        "te-bandwidth": {
          "technology": "flexi-grid",
          "trx_type": "Voyager_16QAM",
          "trx_mode": "16QAM",
          "effective-freq-slot": [
            {
              "n": "null",
              "m": "null"
            }
          ],
          "spacing": 50000000000.0,
          "max-nb-of-channel": 80,
          "output-power": 0.0012589254117941673,
          "path_bandwidth": 0
        }
      },
      "optimizations": {
        "explicit-route-include-objects": [
          {
            "index": 0,
            "unnumbered-hop": {
              "node-id": "Lannion_CAS",
              "link-tp-id": "link-tp-id is not used",
              "hop-type": "loose",
              "direction": "direction is not used"
            },
            "label-hop": {
              "te-label": {
                "generic": "generic is not used",
                "direction": "direction is not used"
              }
            }
          },
          {
            "index": 1,
            "unnumbered-hop": {
              "node-id": "Lorient_KMA",
              "link-tp-id": "link-tp-id is not used",
              "hop-type": "loose",
              "direction": "direction is not used"
            },
            "label-hop": {
              "te-label": {
                "generic": "generic is not used",
                "direction": "direction is not used"
              }
            }
          }
        ]
      }
    },
    {
      "request-id": "3",
      "source": "Lannion_CAS",
      "destination": "Rennes_STA",
      "src-tp-id": "trx Lannion_CAS",
      "dst-tp-id": "trx Rennes_STA",
      "path-constraints": {
        "te-bandwidth": {
          "technology": "flexi-grid",
          "trx_type": "vendorA_trx-type1",
          "trx_mode": "PS_SP64_1",
          "effective-freq-slot": [
            {
              "n": "null",
              "m": "null"
            }
          ],
          "spacing": 50000000000.0,
          "max-nb-of-channel": 80,
          "output-power": 0.0012589254117941673,
          "path_bandwidth": 0
        }
      },
      "optimizations": {
        "explicit-route-include-objects": []
      }
    },
    {
      "request-id": "4",
      "source": "Rennes_STA",
      "destination": "Lannion_CAS",
      "src-tp-id": "trx Rennes_STA",
      "dst-tp-id": "trx Lannion_CAS",
      "path-constraints": {
        "te-bandwidth": {
          "technology": "flexi-grid",
          "trx_type": "vendorA_trx-type1",
          "trx_mode": "PS_SP64_2",
          "effective-freq-slot": [
            {
              "n": "null",
              "m": "null"
            }
          ],
          "spacing": 75000000000.0,
          "max-nb-of-channel": 64,
          "output-power": 0.0019952623149688794,
          "path_bandwidth": 0
        }
      },
      "optimizations": {
        "explicit-route-include-objects": []
      }
    },
    {
      "request-id": "5",
      "source": "Lorient_KMA",
      "destination": "Lannion_CAS",
      "src-tp-id": "trx Lorient_KMA",
      "dst-tp-id": "trx Lannion_CAS",
      "path-constraints": {
        "te-bandwidth": {
          "technology": "flexi-grid",
          "trx_type": "Voyager_16QAM",
          "trx_mode": "16QAM",
          "effective-freq-slot": [
            {
              "n": "null",
              "m": "null"
            }
          ],
          "spacing": 50000000000.0,
          "max-nb-of-channel": 80,
          "output-power": 0.0012589254117941673,
          "path_bandwidth": 0
        }
      },
      "optimizations": {
        "explicit-route-include-objects": [
          {
            "index": 0,
            "unnumbered-hop": {
              "node-id": "toto",
              "link-tp-id": "link-tp-id is not used",
              "hop-type": "loose",
              "direction": "direction is not used"
            },
            "label-hop": {
              "te-label": {
                "generic": "generic is not used",
                "direction": "direction is not used"
              }
            }
          }
        ]
      }
    }
  ],
  "synchronization": [
    {
      "synchronization-id": "0",
      "svec": {
        "relaxable": "False",
        "link-diverse": "True",
        "node-diverse": "True",
        "request-id-number": [
          "0",
          "0"
        ]
      }
    },
    {
      "synchronization-id": "3",
      "svec": {
        "relaxable": "False",
        "link-diverse": "True",
        "node-diverse": "True",
        "request-id-number": [
          "3",
          "4"
        ]
      }
    },
    {
      "synchronization-id": "5",
      "svec": {
        "relaxable": "False",
        "link-diverse": "True",
        "node-diverse": "True",
        "request-id-number": [
          "5",
          "0"
        ]
      }
    }
  ]
}
